[20:28:53] ============================================================
[20:28:53] 🎯 HUNT MODE: Running until profitable strategy found
[20:28:53] Config: pop=20, max_gen=25, days=90
[20:28:53] Symbols: ['BTCUSDT', 'ETHUSDT', 'BNBUSDT', 'SOLUSDT', 'XRPUSDT']
[20:28:53] ============================================================
[20:28:53] 
[20:28:53] 🔁 ROUND 1 START
🌱 Genesis: Creating 20 random strategies...
   ✓ 20 valid strategies created

============================================================
🧬 EVOLUTION START
============================================================
Population: 20
Elites: 5
Cull Ratio: 0.6
Mutation Rate: 0.5
Symbols: 5
============================================================


📊 Generation 0: Evaluating 20 strategies...

📊 Generation 1: Evaluating 20 strategies...

📊 Generation 2: Evaluating 20 strategies...

📊 Generation 3: Evaluating 20 strategies...

📊 Generation 4: Evaluating 20 strategies...

📊 Generation 5: Evaluating 20 strategies...

📊 Generation 6: Evaluating 20 strategies...

📊 Generation 7: Evaluating 20 strategies...

📊 Generation 8: Evaluating 20 strategies...

📊 Generation 9: Evaluating 20 strategies...

📊 Generation 10: Evaluating 20 strategies...

📊 Generation 11: Evaluating 20 strategies...

📊 Generation 12: Evaluating 20 strategies...

📊 Generation 13: Evaluating 20 strategies...

📊 Generation 14: Evaluating 20 strategies...

📊 Generation 15: Evaluating 20 strategies...

📊 Generation 16: Evaluating 20 strategies...

📊 Generation 17: Evaluating 20 strategies...

📊 Generation 18: Evaluating 20 strategies...

📊 Generation 19: Evaluating 20 strategies...

📊 Generation 20: Evaluating 20 strategies...

📊 Generation 21: Evaluating 20 strategies...

📊 Generation 22: Evaluating 20 strategies...

📊 Generation 23: Evaluating 20 strategies...

📊 Generation 24: Evaluating 20 strategies...

============================================================
🏆 EVOLUTION COMPLETE
============================================================
Best Strategy: MUT_34DC55D466B3
Fitness: 0.2423
Details: {'fitness': np.float64(0.2423), 'total_trades': 107, 'avg_pnl_per_symbol': np.float64(-0.0373), 'symbols_tested': 5}
Summary: [MUT_34DC] G24 | Entry(OR): supertrend + supertrend + cci + rsi | Exit(OR): momentum + bbands | Risk: SL=-4.4% TP=10.9% | fit=0.242
[20:42:02]    Round 1 BEST: fit=0.242 pnl=-0.037 trades=107 id=MUT_34DC
[20:42:02]    🏆 NEW BEST FITNESS RECORD: 0.242
[20:42:02]    💰 NEW BEST PNL RECORD: -0.037
[20:42:02]    Round 1 complete. Best ever: fit=0.242 pnl=-0.037
[20:42:02] 
[20:42:02] 🔁 ROUND 2 START
🌱 Genesis: Creating 20 random strategies...
   ✓ 20 valid strategies created
[20:42:02]    Seeded with previous best: MUT_34DC fit=0.242

============================================================
🧬 EVOLUTION START
============================================================
Population: 20
Elites: 5
Cull Ratio: 0.6
Mutation Rate: 0.5
Symbols: 5
============================================================


📊 Generation 0: Evaluating 20 strategies...

📊 Generation 1: Evaluating 20 strategies...

📊 Generation 2: Evaluating 20 strategies...

📊 Generation 3: Evaluating 20 strategies...

📊 Generation 4: Evaluating 20 strategies...

📊 Generation 5: Evaluating 20 strategies...

📊 Generation 6: Evaluating 20 strategies...

📊 Generation 7: Evaluating 20 strategies...

📊 Generation 8: Evaluating 20 strategies...

📊 Generation 9: Evaluating 20 strategies...

📊 Generation 10: Evaluating 20 strategies...

📊 Generation 11: Evaluating 20 strategies...

📊 Generation 12: Evaluating 20 strategies...

📊 Generation 13: Evaluating 20 strategies...

📊 Generation 14: Evaluating 20 strategies...

📊 Generation 15: Evaluating 20 strategies...

📊 Generation 16: Evaluating 20 strategies...

📊 Generation 17: Evaluating 20 strategies...

📊 Generation 18: Evaluating 20 strategies...

📊 Generation 19: Evaluating 20 strategies...

📊 Generation 20: Evaluating 20 strategies...

📊 Generation 21: Evaluating 20 strategies...

📊 Generation 22: Evaluating 20 strategies...

📊 Generation 23: Evaluating 20 strategies...

📊 Generation 24: Evaluating 20 strategies...

============================================================
🏆 EVOLUTION COMPLETE
============================================================
Best Strategy: X_6D736C36855C
Fitness: 0.2608
Details: {'fitness': np.float64(0.2608), 'total_trades': 103, 'avg_pnl_per_symbol': np.float64(-0.0339), 'symbols_tested': 5}
Summary: [X_6D736C] G23 | Entry(OR): supertrend + supertrend + cci + rsi + supertrend | Exit(OR): momentum + bbands | Risk: SL=-4.4% TP=11.4% | fit=0.261
[20:59:36]    Round 2 BEST: fit=0.261 pnl=-0.034 trades=103 id=X_6D736C
[20:59:36]    🏆 NEW BEST FITNESS RECORD: 0.261
[20:59:36]    💰 NEW BEST PNL RECORD: -0.034
[20:59:36]    💾 Candidate saved (fit>0.25)
[20:59:36]    Round 2 complete. Best ever: fit=0.261 pnl=-0.034
[20:59:36] 
[20:59:36] 🔁 ROUND 3 START
🌱 Genesis: Creating 20 random strategies...
   ✓ 20 valid strategies created
[20:59:36]    Seeded with previous best: X_6D736C fit=0.261

============================================================
🧬 EVOLUTION START
============================================================
Population: 20
Elites: 5
Cull Ratio: 0.6
Mutation Rate: 0.5
Symbols: 5
============================================================


📊 Generation 0: Evaluating 20 strategies...

📊 Generation 1: Evaluating 20 strategies...

📊 Generation 2: Evaluating 20 strategies...

📊 Generation 3: Evaluating 20 strategies...

📊 Generation 4: Evaluating 20 strategies...

📊 Generation 5: Evaluating 20 strategies...

📊 Generation 6: Evaluating 20 strategies...

📊 Generation 7: Evaluating 20 strategies...

📊 Generation 8: Evaluating 20 strategies...

📊 Generation 9: Evaluating 20 strategies...

📊 Generation 10: Evaluating 20 strategies...

📊 Generation 11: Evaluating 20 strategies...

📊 Generation 12: Evaluating 20 strategies...

📊 Generation 13: Evaluating 20 strategies...

📊 Generation 14: Evaluating 20 strategies...

📊 Generation 15: Evaluating 20 strategies...

📊 Generation 16: Evaluating 20 strategies...

📊 Generation 17: Evaluating 20 strategies...

📊 Generation 18: Evaluating 20 strategies...

📊 Generation 19: Evaluating 20 strategies...

📊 Generation 20: Evaluating 20 strategies...

📊 Generation 21: Evaluating 20 strategies...

📊 Generation 22: Evaluating 20 strategies...

📊 Generation 23: Evaluating 20 strategies...

📊 Generation 24: Evaluating 20 strategies...

============================================================
🏆 EVOLUTION COMPLETE
============================================================
Best Strategy: MUT_6565D25A0E83
Fitness: 0.2839
Details: {'fitness': np.float64(0.2839), 'total_trades': 129, 'avg_pnl_per_symbol': np.float64(-0.0589), 'symbols_tested': 5}
Summary: [MUT_6565] G22 | Entry(OR): supertrend + supertrend + cci + rsi + supertrend | Exit(OR): momentum + bbands | Risk: SL=-5.1% TP=12.6% | fit=0.284
[21:17:02]    Round 3 BEST: fit=0.284 pnl=-0.059 trades=129 id=MUT_6565
[21:17:02]    🏆 NEW BEST FITNESS RECORD: 0.284
[21:17:02]    💾 Candidate saved (fit>0.25)
[21:17:02]    Round 3 complete. Best ever: fit=0.284 pnl=-0.034
[21:17:02] 
[21:17:02] 🔁 ROUND 4 START
🌱 Genesis: Creating 20 random strategies...
   ✓ 20 valid strategies created
[21:17:02]    Seeded with previous best: MUT_6565 fit=0.284

============================================================
🧬 EVOLUTION START
============================================================
Population: 20
Elites: 5
Cull Ratio: 0.6
Mutation Rate: 0.5
Symbols: 5
============================================================


📊 Generation 0: Evaluating 20 strategies...

📊 Generation 1: Evaluating 20 strategies...

📊 Generation 2: Evaluating 20 strategies...

📊 Generation 3: Evaluating 20 strategies...

📊 Generation 4: Evaluating 20 strategies...

📊 Generation 5: Evaluating 20 strategies...

📊 Generation 6: Evaluating 20 strategies...

📊 Generation 7: Evaluating 20 strategies...

📊 Generation 8: Evaluating 20 strategies...

📊 Generation 9: Evaluating 20 strategies...

📊 Generation 10: Evaluating 20 strategies...

📊 Generation 11: Evaluating 20 strategies...

📊 Generation 12: Evaluating 20 strategies...

📊 Generation 13: Evaluating 20 strategies...

📊 Generation 14: Evaluating 20 strategies...

📊 Generation 15: Evaluating 20 strategies...

📊 Generation 16: Evaluating 20 strategies...

📊 Generation 17: Evaluating 20 strategies...

📊 Generation 18: Evaluating 20 strategies...

📊 Generation 19: Evaluating 20 strategies...

📊 Generation 20: Evaluating 20 strategies...

📊 Generation 21: Evaluating 20 strategies...

📊 Generation 22: Evaluating 20 strategies...

📊 Generation 23: Evaluating 20 strategies...

📊 Generation 24: Evaluating 20 strategies...

============================================================
🏆 EVOLUTION COMPLETE
============================================================
Best Strategy: X_46BAA88C655A
Fitness: 0.3166
Details: {'fitness': np.float64(0.3166), 'total_trades': 121, 'avg_pnl_per_symbol': np.float64(-0.0352), 'symbols_tested': 5}
Summary: [X_46BAA8] G18 | Entry(OR): supertrend + supertrend + cci + rsi + supertrend + supertrend | Exit(OR): momentum + bbands | Risk: SL=-6.2% TP=12.0% | fit=0.317
[21:35:22]    Round 4 BEST: fit=0.317 pnl=-0.035 trades=121 id=X_46BAA8
[21:35:22]    🏆 NEW BEST FITNESS RECORD: 0.317
[21:35:22]    💾 Candidate saved (fit>0.25)
[21:35:22]    Round 4 complete. Best ever: fit=0.317 pnl=-0.034
[21:35:22] 
[21:35:22] 🔁 ROUND 5 START
🌱 Genesis: Creating 20 random strategies...
   ✓ 20 valid strategies created
[21:35:22]    Seeded with previous best: X_46BAA8 fit=0.317

============================================================
🧬 EVOLUTION START
============================================================
Population: 20
Elites: 5
Cull Ratio: 0.6
Mutation Rate: 0.5
Symbols: 5
============================================================


📊 Generation 0: Evaluating 20 strategies...

📊 Generation 1: Evaluating 20 strategies...

📊 Generation 2: Evaluating 20 strategies...

📊 Generation 3: Evaluating 20 strategies...

📊 Generation 4: Evaluating 20 strategies...

📊 Generation 5: Evaluating 20 strategies...

📊 Generation 6: Evaluating 20 strategies...

📊 Generation 7: Evaluating 20 strategies...

📊 Generation 8: Evaluating 20 strategies...

📊 Generation 9: Evaluating 20 strategies...

📊 Generation 10: Evaluating 20 strategies...

📊 Generation 11: Evaluating 20 strategies...

📊 Generation 12: Evaluating 20 strategies...

📊 Generation 13: Evaluating 20 strategies...

📊 Generation 14: Evaluating 20 strategies...

📊 Generation 15: Evaluating 20 strategies...

📊 Generation 16: Evaluating 20 strategies...

📊 Generation 17: Evaluating 20 strategies...

📊 Generation 18: Evaluating 20 strategies...

📊 Generation 19: Evaluating 20 strategies...

📊 Generation 20: Evaluating 20 strategies...

📊 Generation 21: Evaluating 20 strategies...

📊 Generation 22: Evaluating 20 strategies...

📊 Generation 23: Evaluating 20 strategies...

📊 Generation 24: Evaluating 20 strategies...

============================================================
🏆 EVOLUTION COMPLETE
============================================================
Best Strategy: MUT_4CF905B0578B
Fitness: 0.3151
Details: {'fitness': np.float64(0.3151), 'total_trades': 123, 'avg_pnl_per_symbol': np.float64(-0.0342), 'symbols_tested': 5}
Summary: [MUT_4CF9] G5 | Entry(OR): supertrend + supertrend + cci + rsi + supertrend + supertrend | Exit(OR): momentum + bbands | Risk: SL=-6.2% TP=12.0% | fit=0.315
[21:57:23]    Round 5 BEST: fit=0.315 pnl=-0.034 trades=123 id=MUT_4CF9
[21:57:23]    💾 Candidate saved (fit>0.25)
[21:57:23]    Round 5 complete. Best ever: fit=0.317 pnl=-0.034
[21:57:23] 
[21:57:23] 📊 STATUS AFTER 5 ROUNDS:
[21:57:23]    Best Fitness Ever: 0.317
[21:57:23]    Best PnL Ever: -0.034
[21:57:23]    Still hunting...
[21:57:23] 
[21:57:23] 🔁 ROUND 6 START
🌱 Genesis: Creating 20 random strategies...
   ✓ 20 valid strategies created
[21:57:23]    Seeded with previous best: X_46BAA8 fit=0.317

============================================================
🧬 EVOLUTION START
============================================================
Population: 20
Elites: 5
Cull Ratio: 0.6
Mutation Rate: 0.5
Symbols: 5
============================================================


📊 Generation 0: Evaluating 20 strategies...

📊 Generation 1: Evaluating 20 strategies...

📊 Generation 2: Evaluating 20 strategies...

📊 Generation 3: Evaluating 20 strategies...

📊 Generation 4: Evaluating 20 strategies...

📊 Generation 5: Evaluating 20 strategies...

📊 Generation 6: Evaluating 20 strategies...

📊 Generation 7: Evaluating 20 strategies...

📊 Generation 8: Evaluating 20 strategies...

📊 Generation 9: Evaluating 20 strategies...

📊 Generation 10: Evaluating 20 strategies...

📊 Generation 11: Evaluating 20 strategies...

📊 Generation 12: Evaluating 20 strategies...

📊 Generation 13: Evaluating 20 strategies...

📊 Generation 14: Evaluating 20 strategies...

📊 Generation 15: Evaluating 20 strategies...

📊 Generation 16: Evaluating 20 strategies...

📊 Generation 17: Evaluating 20 strategies...

📊 Generation 18: Evaluating 20 strategies...

📊 Generation 19: Evaluating 20 strategies...

📊 Generation 20: Evaluating 20 strategies...

📊 Generation 21: Evaluating 20 strategies...

📊 Generation 22: Evaluating 20 strategies...

📊 Generation 23: Evaluating 20 strategies...

📊 Generation 24: Evaluating 20 strategies...

============================================================
🏆 EVOLUTION COMPLETE
============================================================
Best Strategy: X_46BAA88C655A
Fitness: 0.3153
Details: {'fitness': np.float64(0.3153), 'total_trades': 121, 'avg_pnl_per_symbol': np.float64(-0.0366), 'symbols_tested': 5}
Summary: [X_46BAA8] G18 | Entry(OR): supertrend + supertrend + cci + rsi + supertrend + supertrend | Exit(OR): momentum + bbands | Risk: SL=-6.2% TP=12.0% | fit=0.315
[22:19:03]    Round 6 BEST: fit=0.315 pnl=-0.037 trades=121 id=X_46BAA8
[22:19:03]    💾 Candidate saved (fit>0.25)
[22:19:03]    Round 6 complete. Best ever: fit=0.317 pnl=-0.034
[22:19:03] 
[22:19:03] 🔁 ROUND 7 START
🌱 Genesis: Creating 20 random strategies...
   ✓ 20 valid strategies created
[22:19:03]    Seeded with previous best: X_46BAA8 fit=0.317

============================================================
🧬 EVOLUTION START
============================================================
Population: 20
Elites: 5
Cull Ratio: 0.6
Mutation Rate: 0.5
Symbols: 5
============================================================


📊 Generation 0: Evaluating 20 strategies...

📊 Generation 1: Evaluating 20 strategies...

📊 Generation 2: Evaluating 20 strategies...

📊 Generation 3: Evaluating 20 strategies...

📊 Generation 4: Evaluating 20 strategies...

📊 Generation 5: Evaluating 20 strategies...

📊 Generation 6: Evaluating 20 strategies...

📊 Generation 7: Evaluating 20 strategies...

📊 Generation 8: Evaluating 20 strategies...

📊 Generation 9: Evaluating 20 strategies...

📊 Generation 10: Evaluating 20 strategies...

📊 Generation 11: Evaluating 20 strategies...

📊 Generation 12: Evaluating 20 strategies...

📊 Generation 13: Evaluating 20 strategies...

📊 Generation 14: Evaluating 20 strategies...

📊 Generation 15: Evaluating 20 strategies...

📊 Generation 16: Evaluating 20 strategies...

📊 Generation 17: Evaluating 20 strategies...

📊 Generation 18: Evaluating 20 strategies...

📊 Generation 19: Evaluating 20 strategies...

📊 Generation 20: Evaluating 20 strategies...

📊 Generation 21: Evaluating 20 strategies...

📊 Generation 22: Evaluating 20 strategies...

📊 Generation 23: Evaluating 20 strategies...

📊 Generation 24: Evaluating 20 strategies...

============================================================
🏆 EVOLUTION COMPLETE
============================================================
Best Strategy: MUT_A3C54E074353
Fitness: 0.3297
Details: {'fitness': np.float64(0.3297), 'total_trades': 135, 'avg_pnl_per_symbol': np.float64(-0.0242), 'symbols_tested': 5}
Summary: [MUT_A3C5] G23 | Entry(OR): supertrend + supertrend + cci + rsi + supertrend + supertrend | Exit(OR): momentum + bbands | Risk: SL=-5.6% TP=13.2% | fit=0.330
[22:41:04]    Round 7 BEST: fit=0.330 pnl=-0.024 trades=135 id=MUT_A3C5
[22:41:04]    🏆 NEW BEST FITNESS RECORD: 0.330
[22:41:04]    💰 NEW BEST PNL RECORD: -0.024
[22:41:04]    💾 Candidate saved (fit>0.25)
[22:41:04]    Round 7 complete. Best ever: fit=0.330 pnl=-0.024
[22:41:04] 
[22:41:04] 🔁 ROUND 8 START
🌱 Genesis: Creating 20 random strategies...
   ✓ 20 valid strategies created
[22:41:04]    Seeded with previous best: MUT_A3C5 fit=0.330

============================================================
🧬 EVOLUTION START
============================================================
Population: 20
Elites: 5
Cull Ratio: 0.6
Mutation Rate: 0.5
Symbols: 5
============================================================


📊 Generation 0: Evaluating 20 strategies...

📊 Generation 1: Evaluating 20 strategies...

📊 Generation 2: Evaluating 20 strategies...

📊 Generation 3: Evaluating 20 strategies...

📊 Generation 4: Evaluating 20 strategies...

📊 Generation 5: Evaluating 20 strategies...

📊 Generation 6: Evaluating 20 strategies...

📊 Generation 7: Evaluating 20 strategies...

📊 Generation 8: Evaluating 20 strategies...

📊 Generation 9: Evaluating 20 strategies...

📊 Generation 10: Evaluating 20 strategies...

📊 Generation 11: Evaluating 20 strategies...

📊 Generation 12: Evaluating 20 strategies...

📊 Generation 13: Evaluating 20 strategies...

📊 Generation 14: Evaluating 20 strategies...

📊 Generation 15: Evaluating 20 strategies...

📊 Generation 16: Evaluating 20 strategies...

📊 Generation 17: Evaluating 20 strategies...

📊 Generation 18: Evaluating 20 strategies...

📊 Generation 19: Evaluating 20 strategies...

📊 Generation 20: Evaluating 20 strategies...

📊 Generation 21: Evaluating 20 strategies...

📊 Generation 22: Evaluating 20 strategies...

📊 Generation 23: Evaluating 20 strategies...

📊 Generation 24: Evaluating 20 strategies...

============================================================
🏆 EVOLUTION COMPLETE
============================================================
Best Strategy: MUT_DAC146EA58C9
Fitness: 0.3770
Details: {'fitness': np.float64(0.377), 'total_trades': 102, 'avg_pnl_per_symbol': np.float64(0.0118), 'symbols_tested': 5}
Summary: [MUT_DAC1] G24 | Entry(OR): supertrend + supertrend + cci + ema_cross + macd + supertrend + supertrend | Exit(OR): momentum + bbands | Risk: SL=-4.4% TP=13.3% | fit=0.377
[23:00:10]    Round 8 BEST: fit=0.377 pnl=0.012 trades=102 id=MUT_DAC1
[23:00:10]    🏆 NEW BEST FITNESS RECORD: 0.377
[23:00:10]    💰 NEW BEST PNL RECORD: 0.012
[23:00:10] 
[23:00:10] 🎉🎉🎉 PROFITABLE STRATEGY FOUND! 🎉🎉🎉
[23:00:10]    ID: MUT_DAC146EA58C9
[23:00:10]    Fitness: 0.3770
[23:00:10]    PnL: 0.0118
[23:00:10]    Trades: 102
[23:00:10]    Round: 8
[23:00:10]    Summary: [MUT_DAC1] G24 | Entry(OR): supertrend + supertrend + cci + ema_cross + macd + supertrend + supertrend | Exit(OR): momentum + bbands | Risk: SL=-4.4% TP=13.3% | fit=0.377
[23:00:10]    Saved to WINNER.json and WINNER_deploy.json
[23:00:10] ============================================================
[23:00:10] HUNT COMPLETE
[23:00:10] ============================================================
